// Jest Snapshot v1, https://goo.gl/fbAQLP

exports[`IkAppContent renders with correct default state 1`] = `
<main
  class="ik-app-content"
>
  
  
</main>
`;
