// Jest Snapshot v1, https://goo.gl/fbAQLP

exports[`IkChipList renders with correct default state 1`] = `
<div
  class="ik-chip-list"
>
  
  
</div>
`;
