// Jest Snapshot v1, https://goo.gl/fbAQLP

exports[`IkPickerFieldItem renders disabled 1`] = `
<div
  class="ik-list-item ik-list-item--disabled ik-picker-field-item ik-picker-field-item--disabled"
  grow_content=""
  no_wrap=""
  style="background-color: rgb(226, 230, 232); color: rgb(141, 156, 167);"
>
  <div
    class="ik-list-item__prepend"
  >
    
    
    <div
      class="ik-color-swatch ik-color-swatch--round ik-color-swatch--md"
      style="background-color: rgb(187, 199, 208);"
    />
    
    
  </div>
  <div
    class="ik-list-item__content"
  >
    <div
      class="ik-list-item__title"
    >
      
      
      COMPLETE
      
      
    </div>
    <!--v-if-->
  </div>
  <div
    class="ik-list-item__append"
  >
    
    
    [[_*en*UPDATE_]]
    
    
  </div>
</div>
`;
